// Jest Snapshot v1, https://goo.gl/fbAQLP

exports[`Signed Blocks component matches snapshot 1`] = `
<div
  className="container-fluid signed-blocks-content"
>
  <div
    className="column centered"
  >
    <div
      className="row page-header"
    >
      <img
        alt="Developer's icon"
        className="celoIcons"
        src="04-Doers (light bg).png"
      />
      <h1
        className="mt"
      >
        Baklava Signed Blocks Map
      </h1>
    </div>
    <div
      className="row"
    >
      <h4>
        A visual map of validator signatures for the Baklava network. Data is updated every 100 blocks.
      </h4>
    </div>
    <div
      className="row jump controls"
    >
      <div
        className="col-sm-3"
      >
        <p>
          Current block 0
        </p>
      </div>
      <div
        className="col-sm-3"
      >
        <label>
          <p>
            Stay at head
          </p>
          <div
            style={
              Object {
                "MozTransition": "opacity 0.25s",
                "MozUserSelect": "none",
                "WebkitTapHighlightColor": "rgba(0, 0, 0, 0)",
                "WebkitTransition": "opacity 0.25s",
                "WebkitUserSelect": "none",
                "borderRadius": 14,
                "direction": "ltr",
                "display": "inline-block",
                "msUserSelect": "none",
                "opacity": 1,
                "position": "relative",
                "textAlign": "left",
                "touchAction": "none",
                "transition": "opacity 0.25s",
                "userSelect": "none",
              }
            }
          >
            <div
              className="react-switch-bg"
              onClick={[Function]}
              onMouseDown={[Function]}
              style={
                Object {
                  "MozTransition": "background 0.25s",
                  "WebkitTransition": "background 0.25s",
                  "background": "#888888",
                  "borderRadius": 14,
                  "cursor": "pointer",
                  "height": 28,
                  "margin": 0,
                  "position": "relative",
                  "transition": "background 0.25s",
                  "width": 56,
                }
              }
            >
              <div
                style={
                  Object {
                    "MozTransition": "opacity 0.25s",
                    "WebkitTransition": "opacity 0.25s",
                    "height": 28,
                    "opacity": 0,
                    "pointerEvents": "none",
                    "position": "relative",
                    "transition": "opacity 0.25s",
                    "width": 30,
                  }
                }
              >
                <svg
                  height="100%"
                  style={
                    Object {
                      "position": "absolute",
                      "top": 0,
                    }
                  }
                  viewBox="-2 -5 17 21"
                  width="100%"
                >
                  <path
                    d="M11.264 0L5.26 6.004 2.103 2.847 0 4.95l5.26 5.26 8.108-8.107L11.264 0"
                    fill="#fff"
                    fillRule="evenodd"
                  />
                </svg>
              </div>
              <div
                style={
                  Object {
                    "MozTransition": "opacity 0.25s",
                    "WebkitTransition": "opacity 0.25s",
                    "height": 28,
                    "opacity": 1,
                    "pointerEvents": "none",
                    "position": "absolute",
                    "right": 0,
                    "top": 0,
                    "transition": "opacity 0.25s",
                    "width": 30,
                  }
                }
              >
                <svg
                  height="100%"
                  style={
                    Object {
                      "position": "absolute",
                      "top": 0,
                    }
                  }
                  viewBox="-2 -5 14 20"
                  width="100%"
                >
                  <path
                    d="M9.9 2.12L7.78 0 4.95 2.828 2.12 0 0 2.12l2.83 2.83L0 7.776 2.123 9.9 4.95 7.07 7.78 9.9 9.9 7.776 7.072 4.95 9.9 2.12"
                    fill="#fff"
                    fillRule="evenodd"
                  />
                </svg>
              </div>
            </div>
            <div
              className="react-switch-handle"
              onClick={[Function]}
              onMouseDown={[Function]}
              onTouchCancel={[Function]}
              onTouchEnd={[Function]}
              onTouchMove={[Function]}
              onTouchStart={[Function]}
              style={
                Object {
                  "MozTransition": "background-color 0.25s, transform 0.25s, box-shadow 0.15s",
                  "WebkitTransition": "background-color 0.25s, transform 0.25s, box-shadow 0.15s",
                  "background": "#ffffff",
                  "border": 0,
                  "borderRadius": "50%",
                  "boxShadow": null,
                  "cursor": "pointer",
                  "display": "inline-block",
                  "height": 26,
                  "outline": 0,
                  "position": "absolute",
                  "top": 1,
                  "transform": "translateX(1px)",
                  "transition": "background-color 0.25s, transform 0.25s, box-shadow 0.15s",
                  "width": 26,
                }
              }
            />
            <input
              checked={false}
              disabled={false}
              onBlur={[Function]}
              onChange={[Function]}
              onFocus={[Function]}
              onKeyUp={[Function]}
              role="switch"
              style={
                Object {
                  "border": 0,
                  "clip": "rect(0 0 0 0)",
                  "height": 1,
                  "margin": -1,
                  "overflow": "hidden",
                  "padding": 0,
                  "position": "absolute",
                  "width": 1,
                }
              }
              type="checkbox"
            />
          </div>
        </label>
      </div>
      <div
        className="col-sm-3"
      >
        <div
          className="column"
        >
          <input
            className="form-control"
            defaultValue={0}
            id="jumpToBlock"
            name="jumpToBlock"
            onChange={[Function]}
            type="text"
          />
          <button
            className="btn-secondary"
            onClick={[Function]}
          >
            Jump to block
          </button>
        </div>
      </div>
      <div
        className="col-sm-3"
      >
        <p>
          Map Scale
        </p>
        <div
          className="rc-slider rc-slider-with-marks"
          onBlur={[Function]}
          onFocus={[Function]}
          onKeyDown={[Function]}
          onMouseDown={[Function]}
          onMouseUp={[Function]}
          onTouchStart={[Function]}
        >
          <div
            className="rc-slider-rail"
            style={Object {}}
          />
          <div
            className="rc-slider-track"
            style={
              Object {
                "left": "0%",
                "right": "auto",
                "width": "0%",
              }
            }
          />
          <div
            className="rc-slider-step"
          >
            <span
              className="rc-slider-dot rc-slider-dot-active"
              style={
                Object {
                  "left": "0%",
                }
              }
            />
            <span
              className="rc-slider-dot"
              style={
                Object {
                  "left": "100%",
                }
              }
            />
          </div>
          <div
            aria-disabled={false}
            aria-valuemax={1}
            aria-valuemin={0}
            aria-valuenow={0}
            className="rc-slider-handle"
            onBlur={[Function]}
            onKeyDown={[Function]}
            onMouseDown={[Function]}
            role="slider"
            style={
              Object {
                "left": "0%",
                "right": "auto",
                "transform": "translateX(-50%)",
              }
            }
            tabIndex={0}
          />
          <div
            className="rc-slider-mark"
          >
            <span
              className="rc-slider-mark-text rc-slider-mark-text-active"
              onMouseDown={[Function]}
              onTouchStart={[Function]}
              style={
                Object {
                  "color": "var(--celo-blue)",
                  "left": "0%",
                  "msTransform": "translateX(-50%)",
                  "transform": "translateX(-50%)",
                }
              }
            >
              <strong>
                100
              </strong>
            </span>
            <span
              className="rc-slider-mark-text"
              onMouseDown={[Function]}
              onTouchStart={[Function]}
              style={
                Object {
                  "color": "var(--celo-blue)",
                  "left": "100%",
                  "msTransform": "translateX(-50%)",
                  "transform": "translateX(-50%)",
                }
              }
            >
              <strong>
                1000
              </strong>
            </span>
          </div>
        </div>
      </div>
    </div>
  </div>
  
  <div
    className="row"
  >
    <div
      className="col-lg-12 text-center"
    >
      <img
        alt="Loading..."
        id="loadingLogo"
        src="loading.svg"
      />
    </div>
  </div>
  <div
    className="Toastify"
  />
  <hr />
</div>
`;
